[0;32mI (105) esp_image: segment 1: paddr=0001b334 vaddr=3fc8deESP-ROM:esp32c3-api1-20210207
Build:Feb  7 2021
rst:0x15 (USB_UART_CHIP_RESET),boot:0xd (SPI_FAST_FLASH_BOOT)
Saved PC:0x40383f54
SPIWP:0xee
mode:DIO, clock div:1
load:0x3fcd5820,len:0x1820
load:0x403cc710,len:0xbcc
load:0x403ce710,len:0x2f5c
entry 0x403cc71a
[0;32mI (24) boot: ESP-IDF v5.3.3-dirty 2nd stage bootloader[0m
[0;32mI (24) boot: compile time Apr 17 2026 01:18:27[0m
[0;32mI (25) boot: chip revision: v0.4[0m
[0;32mI (28) boot: efuse block revision: v1.3[0m
[0;32mI (32) boot.esp32c3: SPI Speed      : 80MHz[0m
[0;32mI (37) boot.esp32c3: SPI Mode       : DIO[0m
[0;32mI (42) boot.esp32c3: SPI Flash Size : 2MB[0m
[0;32mI (47) boot: Enabling RNG early entropy source...[0m
[0;32mI (52) boot: Partition Table:[0m
[0;32mI (56) boot: ## Label            Usage          Type ST Offset   Length[0m
[0;32mI (63) boot:  0 nvs              WiFi data        01 02 00009000 00006000[0m
[0;32mI (70) boot:  1 phy_init         RF data          01 01 0000f000 00001000[0m
[0;32mI (78) boot:  2 factory          factory app      00 00 00010000 00100000[0m
[0;32mI (85) boot: End of partition table[0m
[0;32mI (89) esp_image: segment 0: paddr=00010020 vaddr=3c020020 size=0b30ch ( 45836) map[0m
[0;32mI (105) esp_image: segment 1: paddr=0001b334 vaddr=3fc8de00 size=0140ch (  5132) load[0m
[0;32mI (107) esp_image: segment 2: paddr=0001c748 vaddr=40380000 size=038d0h ( 14544) load[0m
[0;32mI (117) esp_image: segment 3: paddr=00020020 vaddr=42000020 size=1b030h (110640) map[0m
[0;32mI (141) esp_image: segment 4: paddr=0003b058 vaddr=403838d0 size=0a4a0h ( 42144) load[0m
[0;32mI (153) boot: Loaded app from partition at offset 0x10000[0m
[0;32mI (153) boot: Disabling RNG early entropy source...[0m
[0;32mI (165) cpu_start: Unicore app[0m
[0;32mI (173) cpu_start: Pro cpu start user code[0m
[0;32mI (173) cpu_start: cpu freq: 160000000 Hz[0m
[0;32mI (174) app_init: Application information:[0m
[0;32mI (176) app_init: Project name:     tft[0m
[0;32mI (181) app_init: App version:      1[0m
[0;32mI (185) app_init: Compile time:     Apr 17 2026 01:18:10[0m
[0;32mI (191) app_init: ELF file SHA256:  324b0a2e7...[0m
[0;32mI (197) app_init: ESP-IDF:          v5.3.3-dirty[0m
[0;32mI (202) efuse_init: Min chip rev:     v0.3[0m
[0;32mI (207) efuse_init: Max chip rev:     v1.99 [0m
[0;32mI (212) efuse_init: Chip rev:         v0.4[0m
[0;32mI (216) heap_init: Initializing. RAM available for dynamic allocation:[0m
[0;32mI (224) heap_init: At 3FC900E0 len 0002FF20 (191 KiB): RAM[0m
[0;32mI (230) heap_init: At 3FCC0000 len 0001C710 (113 KiB): Retention RAM[0m
[0;32mI (237) heap_init: At 3FCDC710 len 00002950 (10 KiB): Retention RAM[0m
[0;32mI (244) heap_init: At 50000000 len 00001FE8 (7 KiB): RTCRAM[0m
[0;32mI (251) spi_flash: detected chip: generic[0m
[0;32mI (255) spi_flash: flash io: dio[0m
[0;33mW (259) spi_flash: Detected size(4096k) larger than the size in the binary image header(2048k). Using the size in the binary image header.[0m
[0;32mI (272) sleep: Configure to isolate all GPIO pins in sleep state[0m
[0;32mI (278) sleep: Enable automatic switching of GPIO sleep configuration[0m
[0;32mI (286) main_task: Started on CPU0[0m
[0;32mI (286) main_task: Calling app_main()[0m
[0;32mI (286) ST7789_RAW_FIXED: ST7789 RAW FULL UI START[0m
[0;32mI (296) gpio: GPIO[10]| InputEn: 0| OutputEn: 1| OpenDrain: 0| Pullup: 0| Pulldown: 0| Intr:0 [0m
[0;32mI (306) gpio: GPIO[9]| InputEn: 0| OutputEn: 1| OpenDrain: 0| Pullup: 0| Pulldown: 0| Intr:0 [0m
[0;32mI (316) gpio: GPIO[8]| InputEn: 0| OutputEn: 1| OpenDrain: 0| Pullup: 0| Pulldown: 0| Intr:0 [0m
