[0;32mI (106) esp_image: segment 1: paddr=0001bb6c vaddr=3fc8deESP-ROM:esp32c3-api1-20210207
Build:Feb  7 2021
rst:0x15 (USB_UART_CHIP_RESET),boot:0xd (SPI_FAST_FLASH_BOOT)
Saved PC:0x40383f54
SPIWP:0xee
mode:DIO, clock div:1
load:0x3fcd5820,len:0x1820
load:0x403cc710,len:0xbcc
load:0x403ce710,len:0x2f5c
entry 0x403cc71a
[0;32mI (24) boot: ESP-IDF v5.3.3-dirty 2nd stage bootloader[0m
[0;32mI (24) boot: compile time Apr 17 2026 02:07:53[0m
[0;32mI (25) boot: chip revision: v0.4[0m
[0;32mI (28) boot: efuse block revision: v1.3[0m
[0;32mI (32) boot.esp32c3: SPI Speed      : 80MHz[0m
[0;32mI (37) boot.esp32c3: SPI Mode       : DIO[0m
[0;32mI (42) boot.esp32c3: SPI Flash Size : 4MB[0m
[0;32mI (47) boot: Enabling RNG early entropy source...[0m
[0;32mI (52) boot: Partition Table:[0m
[0;32mI (56) boot: ## Label            Usage          Type ST Offset   Length[0m
[0;32mI (63) boot:  0 nvs              WiFi data        01 02 00009000 00006000[0m
[0;32mI (70) boot:  1 phy_init         RF data          01 01 0000f000 00001000[0m
[0;32mI (78) boot:  2 factory          factory app      00 00 00010000 00100000[0m
[0;32mI (85) boot: End of partition table[0m
[0;32mI (89) esp_image: segment 0: paddr=00010020 vaddr=3c020020 size=0bb44h ( 47940) map[0m
[0;32mI (106) esp_image: segment 1: paddr=0001bb6c vaddr=3fc8de00 size=01414h (  5140) load[0m
[0;32mI (107) esp_image: segment 2: paddr=0001cf88 vaddr=40380000 size=03090h ( 12432) load[0m
[0;32mI (117) esp_image: segment 3: paddr=00020020 vaddr=42000020 size=1ba94h (113300) map[0m
[0;32mI (142) esp_image: segment 4: paddr=0003babc vaddr=40383090 size=0ace0h ( 44256) load[0m
[0;32mI (154) boot: Loaded app from partition at offset 0x10000[0m
[0;32mI (154) boot: Disabling RNG early entropy source...[0m
[0;32mI (166) cpu_start: Unicore app[0m
[0;32mI (174) cpu_start: Pro cpu start user code[0m
[0;32mI (174) cpu_start: cpu freq: 160000000 Hz[0m
[0;32mI (174) app_init: Application information:[0m
[0;32mI (177) app_init: Project name:     tft[0m
[0;32mI (182) app_init: App version:      1[0m
[0;32mI (186) app_init: Compile time:     Apr 17 2026 02:07:28[0m
[0;32mI (192) app_init: ELF file SHA256:  b7fd97fd1...[0m
[0;32mI (197) app_init: ESP-IDF:          v5.3.3-dirty[0m
[0;32mI (203) efuse_init: Min chip rev:     v0.3[0m
[0;32mI (207) efuse_init: Max chip rev:     v1.99 [0m
[0;32mI (212) efuse_init: Chip rev:         v0.4[0m
[0;32mI (217) heap_init: Initializing. RAM available for dynamic allocation:[0m
[0;32mI (224) heap_init: At 3FC900F0 len 0002FF10 (191 KiB): RAM[0m
[0;32mI (231) heap_init: At 3FCC0000 len 0001C710 (113 KiB): Retention RAM[0m
[0;32mI (238) heap_init: At 3FCDC710 len 00002950 (10 KiB): Retention RAM[0m
[0;32mI (245) heap_init: At 50000000 len 00001FE8 (7 KiB): RTCRAM[0m
[0;32mI (252) spi_flash: detected chip: generic[0m
[0;32mI (255) spi_flash: flash io: dio[0m
[0;32mI (259) sleep: Configure to isolate all GPIO pins in sleep state[0m
[0;32mI (266) sleep: Enable automatic switching of GPIO sleep configuration[0m
[0;32mI (274) main_task: Started on CPU0[0m
[0;32mI (274) main_task: Calling app_main()[0m
[0;32mI (274) gpio: GPIO[10]| InputEn: 0| OutputEn: 1| OpenDrain: 0| Pullup: 0| Pulldown: 0| Intr:0 [0m
[0;32mI (284) gpio: GPIO[8]| InputEn: 0| OutputEn: 1| OpenDrain: 0| Pullup: 0| Pulldown: 0| Intr:0 [0m
[0;32mI (294) gpio: GPIO[9]| InputEn: 0| OutputEn: 1| OpenDrain: 0| Pullup: 0| Pulldown: 0| Intr:0 [0m
[0;32mI (304) st7789: LCD panel create success, version: 0.0.1[0m
